// Jest Snapshot v1, https://goo.gl/fbAQLP

exports[`WeatherSearchBox:index should match the snapshot 1`] = `
initialize {
  "0": Object {
    "attribs": Object {},
    "children": Array [
      Object {
        "attribs": Object {
          "class": "ui center aligned segment",
          "style": "padding:5em 0em;background:#ff8114",
        },
        "children": Array [
          Object {
            "attribs": Object {
              "class": "ui form",
            },
            "children": Array [
              Object {
                "attribs": Object {
                  "class": "inline field",
                },
                "children": Array [
                  Object {
                    "attribs": Object {
                      "placeholder": "City or ZIP",
                      "value": "Sterling",
                    },
                    "children": Array [],
                    "name": "input",
                    "namespace": "http://www.w3.org/1999/xhtml",
                    "next": Object {
                      "attribs": Object {
                        "class": "ui button",
                        "role": "button",
                        "type": "submit",
                      },
                      "children": Array [
                        Object {
                          "data": "Search",
                          "next": null,
                          "parent": [Circular],
                          "prev": null,
                          "type": "text",
                        },
                      ],
                      "name": "button",
                      "namespace": "http://www.w3.org/1999/xhtml",
                      "next": null,
                      "parent": [Circular],
                      "prev": [Circular],
                      "type": "tag",
                      "x-attribsNamespace": Object {
                        "class": undefined,
                        "role": undefined,
                        "type": undefined,
                      },
                      "x-attribsPrefix": Object {
                        "class": undefined,
                        "role": undefined,
                        "type": undefined,
                      },
                    },
                    "parent": [Circular],
                    "prev": null,
                    "type": "tag",
                    "x-attribsNamespace": Object {
                      "placeholder": undefined,
                      "value": undefined,
                    },
                    "x-attribsPrefix": Object {
                      "placeholder": undefined,
                      "value": undefined,
                    },
                  },
                  Object {
                    "attribs": Object {
                      "class": "ui button",
                      "role": "button",
                      "type": "submit",
                    },
                    "children": Array [
                      Object {
                        "data": "Search",
                        "next": null,
                        "parent": [Circular],
                        "prev": null,
                        "type": "text",
                      },
                    ],
                    "name": "button",
                    "namespace": "http://www.w3.org/1999/xhtml",
                    "next": null,
                    "parent": [Circular],
                    "prev": Object {
                      "attribs": Object {
                        "placeholder": "City or ZIP",
                        "value": "Sterling",
                      },
                      "children": Array [],
                      "name": "input",
                      "namespace": "http://www.w3.org/1999/xhtml",
                      "next": [Circular],
                      "parent": [Circular],
                      "prev": null,
                      "type": "tag",
                      "x-attribsNamespace": Object {
                        "placeholder": undefined,
                        "value": undefined,
                      },
                      "x-attribsPrefix": Object {
                        "placeholder": undefined,
                        "value": undefined,
                      },
                    },
                    "type": "tag",
                    "x-attribsNamespace": Object {
                      "class": undefined,
                      "role": undefined,
                      "type": undefined,
                    },
                    "x-attribsPrefix": Object {
                      "class": undefined,
                      "role": undefined,
                      "type": undefined,
                    },
                  },
                ],
                "name": "div",
                "namespace": "http://www.w3.org/1999/xhtml",
                "next": null,
                "parent": [Circular],
                "prev": null,
                "type": "tag",
                "x-attribsNamespace": Object {
                  "class": undefined,
                },
                "x-attribsPrefix": Object {
                  "class": undefined,
                },
              },
            ],
            "name": "form",
            "namespace": "http://www.w3.org/1999/xhtml",
            "next": null,
            "parent": [Circular],
            "prev": null,
            "type": "tag",
            "x-attribsNamespace": Object {
              "class": undefined,
            },
            "x-attribsPrefix": Object {
              "class": undefined,
            },
          },
        ],
        "name": "div",
        "namespace": "http://www.w3.org/1999/xhtml",
        "next": null,
        "parent": [Circular],
        "prev": null,
        "type": "tag",
        "x-attribsNamespace": Object {
          "class": undefined,
          "style": undefined,
        },
        "x-attribsPrefix": Object {
          "class": undefined,
          "style": undefined,
        },
      },
    ],
    "name": "div",
    "namespace": "http://www.w3.org/1999/xhtml",
    "next": null,
    "parent": null,
    "prev": null,
    "root": Object {
      "attribs": Object {},
      "children": Array [
        [Circular],
      ],
      "name": "root",
      "namespace": "http://www.w3.org/1999/xhtml",
      "next": null,
      "parent": null,
      "prev": null,
      "type": "root",
      "x-attribsNamespace": Object {},
      "x-attribsPrefix": Object {},
    },
    "type": "tag",
    "x-attribsNamespace": Object {},
    "x-attribsPrefix": Object {},
  },
  "_root": [Circular],
  "length": 1,
  "options": Object {
    "decodeEntities": true,
    "normalizeWhitespace": false,
    "withDomLvl1": true,
    "xml": false,
  },
}
`;

exports[`WeatherSearchBox:index should match the snapshot 2`] = `
initialize {
  "0": Object {
    "attribs": Object {
      "class": "ui form",
    },
    "children": Array [
      Object {
        "attribs": Object {
          "class": "inline field",
        },
        "children": Array [
          Object {
            "attribs": Object {
              "placeholder": "City or ZIP",
              "value": "Sterling",
            },
            "children": Array [],
            "name": "input",
            "namespace": "http://www.w3.org/1999/xhtml",
            "next": Object {
              "attribs": Object {
                "class": "ui button",
                "role": "button",
                "type": "submit",
              },
              "children": Array [
                Object {
                  "data": "Search",
                  "next": null,
                  "parent": [Circular],
                  "prev": null,
                  "type": "text",
                },
              ],
              "name": "button",
              "namespace": "http://www.w3.org/1999/xhtml",
              "next": null,
              "parent": [Circular],
              "prev": [Circular],
              "type": "tag",
              "x-attribsNamespace": Object {
                "class": undefined,
                "role": undefined,
                "type": undefined,
              },
              "x-attribsPrefix": Object {
                "class": undefined,
                "role": undefined,
                "type": undefined,
              },
            },
            "parent": [Circular],
            "prev": null,
            "type": "tag",
            "x-attribsNamespace": Object {
              "placeholder": undefined,
              "value": undefined,
            },
            "x-attribsPrefix": Object {
              "placeholder": undefined,
              "value": undefined,
            },
          },
          Object {
            "attribs": Object {
              "class": "ui button",
              "role": "button",
              "type": "submit",
            },
            "children": Array [
              Object {
                "data": "Search",
                "next": null,
                "parent": [Circular],
                "prev": null,
                "type": "text",
              },
            ],
            "name": "button",
            "namespace": "http://www.w3.org/1999/xhtml",
            "next": null,
            "parent": [Circular],
            "prev": Object {
              "attribs": Object {
                "placeholder": "City or ZIP",
                "value": "Sterling",
              },
              "children": Array [],
              "name": "input",
              "namespace": "http://www.w3.org/1999/xhtml",
              "next": [Circular],
              "parent": [Circular],
              "prev": null,
              "type": "tag",
              "x-attribsNamespace": Object {
                "placeholder": undefined,
                "value": undefined,
              },
              "x-attribsPrefix": Object {
                "placeholder": undefined,
                "value": undefined,
              },
            },
            "type": "tag",
            "x-attribsNamespace": Object {
              "class": undefined,
              "role": undefined,
              "type": undefined,
            },
            "x-attribsPrefix": Object {
              "class": undefined,
              "role": undefined,
              "type": undefined,
            },
          },
        ],
        "name": "div",
        "namespace": "http://www.w3.org/1999/xhtml",
        "next": null,
        "parent": [Circular],
        "prev": null,
        "type": "tag",
        "x-attribsNamespace": Object {
          "class": undefined,
        },
        "x-attribsPrefix": Object {
          "class": undefined,
        },
      },
    ],
    "name": "form",
    "namespace": "http://www.w3.org/1999/xhtml",
    "next": null,
    "parent": null,
    "prev": null,
    "root": Object {
      "attribs": Object {},
      "children": Array [
        [Circular],
      ],
      "name": "root",
      "namespace": "http://www.w3.org/1999/xhtml",
      "next": null,
      "parent": null,
      "prev": null,
      "type": "root",
      "x-attribsNamespace": Object {},
      "x-attribsPrefix": Object {},
    },
    "type": "tag",
    "x-attribsNamespace": Object {
      "class": undefined,
    },
    "x-attribsPrefix": Object {
      "class": undefined,
    },
  },
  "_root": [Circular],
  "length": 1,
  "options": Object {
    "decodeEntities": true,
    "normalizeWhitespace": false,
    "withDomLvl1": true,
    "xml": false,
  },
}
`;
